prev:           ./maps/lvl5.map (0,0)
next:           ./maps/lvl2.map (0,0)
music:          ./resources/music/happy_adventure.mp3
background:     ./resources/background/outdoors.png
tileset:        ./resources/tileset/tileset.png
tilesize:       (16, 16)

11
B: S(1,9)
C: S(0,7)
D: S(1,7)
E: S(2,7)
F: S(1,0)
G: S(2,5)
H: S(0,0)
I: S(2,0)
K: S(0,18)
N: O(0,6)
P: O(0,6)
_
                                        
                                       N
                                     CDC
            CC  C                   CCCD
           ECC  CC                 CECCC
          CCCD  DCC            CD CCDCEC
         CDECC  CDCC           CCECCCCCC
HFFFI  HFFFFFI  HFFFFFFFFFFFFFFFFFFFFFFI
                                        
                                        
      HFFFI        HFFFFFI              
HFFI      GG                 C C        
            HFFFI           CE CC       
   HFFFI        GG         EDC CEC      
                  HFFFFFFFFFFFFFFFI  HFI
          HFFI                    GG    
              GG                        
              GGG                     GG
              GGGG                   HFI
              GGGGG                     
HFFFFFFFFFFFFFFFFFFFFFFFFFFFFFFFFFI     
                                     CC 
                                    CC  
                   CDCDECC        CDE   
                 CC              CDC    
                            CC  CCE     
 P                          CC CC       
BBBBBBBBBBBBBBBBBBBBBBBBBBBBBBBBBBBBBBBB
KKKKKKKKKKKKKKKKKKKKKKKKKKKKKKKKKKKKKKKK
KKKKKKKKKKKKKKKKKKKKKKKKKKKKKKKKKKKKKKKK
